main                                                                                                                    PAGE 1
                         1     ORG 000H
0000 807C                2     SJMP Innit
                         3
                 =1      4     $INCLUDE (definitions.asm)
                 =1      5     ;Image row adresses (y):
  0020           =1      6     Ze0 DATA 020H
  0021           =1      7     Ze1 DATA 021H
  0022           =1      8     Ze2 DATA 022H
  0023           =1      9     Ze3 DATA 023H
  0024           =1     10     Ze4 DATA 024H
  0025           =1     11     Ze5 DATA 025H
  0026           =1     12     Ze6 DATA 026H
  0027           =1     13     Ze7 DATA 027H
                 =1     14     ;Rendering buffer:
  0028           =1     15     Powy DATA 028H
  0029           =1     16     Powx DATA 029H
                 =1     17     ;Pixel buffer (x|y):
  0030           =1     18     Pby DATA 030H
  0031           =1     19     Pbx DATA 031H
                 =1     20     ;Snake haed and tail indices
  0032           =1     21     HeadIdx DATA 032H
  0033           =1     22     TailIdx DATA 033H
                 =1     23     ;Snake pixels ring buffer
                 =1     24     ;y-coordinates from 40H to 4FH
                 =1     25     ;x-coordinates from 50H to 5FH
                 =1     26     $INCLUDE (snake.asm)
                 =1     27     SetPixelFBuffer:
0002 A930        =1     28     MOV R1, Pby
0004 E7          =1     29     MOV A, @R1
0005 8531F0      =1     30     MOV B, Pbx
0008 45F0        =1     31     ORL A, B
000A F7          =1     32     MOV @R1, A
000B 22          =1     33     RET
                 =1     34
                 =1     35     DelPixelFBuffer:
000C E531        =1     36     MOV A, Pbx
000E F4          =1     37     CPL A
000F A930        =1     38     MOV R1, Pby
0011 57          =1     39     ANL A, @R1
0012 F7          =1     40     MOV @R1, A
0013 22          =1     41     RET
                 =1     42
                 =1     43     MoveL:
                 =1     44     ;Read current head x and y
0014 7450        =1     45     MOV A, #50H
0016 2532        =1     46     ADD A, HeadIdx
0018 F8          =1     47     MOV R0, A
0019 E6          =1     48     MOV A, @R0
001A 75F002      =1     49     MOV B, #002h
001D A4          =1     50     MUL AB
001E F531        =1     51     MOV Pbx, A
                 =1     52
0020 7440        =1     53     MOV A, #40H
0022 2532        =1     54     ADD A, HeadIdx
0024 F8          =1     55     MOV R0, A
0025 E6          =1     56     MOV A, @R0
0026 F530        =1     57     MOV Pby, A
                 =1     58
                 =1     59     ;Move head pointer
0028 E532        =1     60     MOV A, HeadIdx
002A 04          =1     61     INC A
002B 540F        =1     62     ANL A, #0FH
002D F532        =1     63     MOV HeadIdx, A
                 =1     64
                 =1     65     ;Add new head to screen
002F 7450        =1     66     MOV A, #50H
0031 2532        =1     67     ADD A, HeadIdx
0033 F8          =1     68     MOV R0, A
0034 E531        =1     69     MOV A, Pbx
0036 F6          =1     70     MOV @R0, A
                 =1     71
0037 7440        =1     72     MOV A, #40H
0039 2532        =1     73     ADD A, HeadIdx
003B F8          =1     74     MOV R0, A
003C E530        =1     75     MOV A, Pby
003E F6          =1     76     MOV @R0, A
                 =1     77
003F 120002      =1     78     LCALL SetPixelFBuffer
                 =1     79
                 =1     80     ;Delete old tail from screen
0042 7450        =1     81     MOV A, #50H
0044 2533        =1     82     ADD A, TailIdx
0046 F8          =1     83     MOV R0, A
0047 E6          =1     84     MOV A, @R0
0048 F531        =1     85     MOV Pbx, A
                 =1     86
004A 7440        =1     87     MOV A, #40H
004C 2533        =1     88     ADD A, TailIdx
004E F8          =1     89     MOV R0, A
004F E6          =1     90     MOV A, @R0
0050 F530        =1     91     MOV Pby, A
                 =1     92
0052 12000C      =1     93     LCALL DelPixelFBuffer
                 =1     94
                 =1     95     ;Move tail pointer
0055 E533        =1     96     MOV A, TailIdx
0057 04          =1     97     INC A
0058 540F        =1     98     ANL A, #0FH     ; Wrap around 0-15
005A F533        =1     99     MOV TailIdx, A
                 =1    100
005C 22          =1    101     RET
                 =1    102     $INCLUDE (render.asm)
                 =1    103     Render:
005D 752920      =1    104         MOV Powx, #020H
0060 752880      =1    105         MOV Powy, #080H
                 =1    106     RenderLoop:
0063 A829        =1    107         MOV R0, Powx
0065 759000      =1    108         MOV P1, #000H
0068 8680        =1    109         MOV P0, @R0
006A 852890      =1    110         MOV P1, Powy
006D 08          =1    111         INC R0
006E 8829        =1    112         MOV Powx, R0
0070 E528        =1    113         MOV A, Powy
0072 75F002      =1    114         MOV B, #002H
0075 84          =1    115         DIV AB
0076 F528        =1    116         MOV Powy, A
0078 E529        =1    117         MOV A, Powx
007A B428E6      =1    118         CJNE A, #028H, RenderLoop
007D 22          =1    119         RET
                       120
                       121     Innit:
                       122     ;Draw initial snake
007E 75230C            123     MOV Ze3, #00Ch
0081 752404            124     MOV Ze4, #004h
                       125     ;Save initial snake to ring buffer
0084 754223            126     MOV 42H, #023h
0087 755208            127     MOV 52H, #008h
008A 754123            128     MOV 41H, #023h
008D 755104            129     MOV 51H, #004h
0090 754024            130     MOV 40H, #024h
0093 755004            131     MOV 50H, #004h
                       132     ;Save initial indices
0096 753202            133     MOV HeadIdx, #002h
0099 753300            134     MOV TailIdx, #000h
                       135
009C 8000              136     SJMP Main
                       137
                       138
                       139     Main:
009E 120014            140     LCALL MoveL
00A1 12005D            141     LCALL Render
00A4 80F8              142     SJMP Main
                       143
                       144     Stop:
00A6 80FE              145     SJMP $
                       146     END
ASSEMBLY COMPLETE, NO ERRORS FOUND, NO WARNINGS


SYMBOL TABLE:
??MCU_8051_IDE . . . . . . . . . . .  N  NUMB  8051H  NOT USED
??VERSION. . . . . . . . . . . . . .  N  NUMB  0149H  NOT USED
AC . . . . . . . . . . . . . . . . .  B  ADDR  00D6H  NOT USED
ACC. . . . . . . . . . . . . . . . .  D  ADDR  00E0H  NOT USED
ACSR . . . . . . . . . . . . . . . .  D  ADDR  0097H  NOT USED
ADCF . . . . . . . . . . . . . . . .  D  ADDR  00F6H  NOT USED
ADCLK. . . . . . . . . . . . . . . .  D  ADDR  00F2H  NOT USED
ADCON. . . . . . . . . . . . . . . .  D  ADDR  00F3H  NOT USED
ADDH . . . . . . . . . . . . . . . .  D  ADDR  00F5H  NOT USED
ADDL . . . . . . . . . . . . . . . .  D  ADDR  00F4H  NOT USED
AUXR . . . . . . . . . . . . . . . .  D  ADDR  008EH  NOT USED
AUXR1. . . . . . . . . . . . . . . .  D  ADDR  00A2H  NOT USED
B. . . . . . . . . . . . . . . . . .  D  ADDR  00F0H
BDRCON . . . . . . . . . . . . . . .  D  ADDR  009BH  NOT USED
BDRCON_1 . . . . . . . . . . . . . .  D  ADDR  009CH  NOT USED
BRL. . . . . . . . . . . . . . . . .  D  ADDR  009AH  NOT USED
CCAP0H . . . . . . . . . . . . . . .  D  ADDR  00FAH  NOT USED
CCAP0L . . . . . . . . . . . . . . .  D  ADDR  00EAH  NOT USED
CCAP1H . . . . . . . . . . . . . . .  D  ADDR  00FBH  NOT USED
CCAP1L . . . . . . . . . . . . . . .  D  ADDR  00EBH  NOT USED
CCAP2H . . . . . . . . . . . . . . .  D  ADDR  00FCH  NOT USED
CCAP3H . . . . . . . . . . . . . . .  D  ADDR  00FDH  NOT USED
CCAP4H . . . . . . . . . . . . . . .  D  ADDR  00FEH  NOT USED
CCAPL2H. . . . . . . . . . . . . . .  D  ADDR  00FCH  NOT USED
CCAPL2L. . . . . . . . . . . . . . .  D  ADDR  00ECH  NOT USED
CCAPL3H. . . . . . . . . . . . . . .  D  ADDR  00FDH  NOT USED
CCAPL3L. . . . . . . . . . . . . . .  D  ADDR  00EDH  NOT USED
CCAPL4H. . . . . . . . . . . . . . .  D  ADDR  00FEH  NOT USED
CCAPL4L. . . . . . . . . . . . . . .  D  ADDR  00EEH  NOT USED
CCAPM0 . . . . . . . . . . . . . . .  D  ADDR  00DAH  NOT USED
CCAPM1 . . . . . . . . . . . . . . .  D  ADDR  00DBH  NOT USED
CCAPM2 . . . . . . . . . . . . . . .  D  ADDR  00DCH  NOT USED
CCAPM3 . . . . . . . . . . . . . . .  D  ADDR  00DDH  NOT USED
CCAPM4 . . . . . . . . . . . . . . .  D  ADDR  00DEH  NOT USED
CCF0 . . . . . . . . . . . . . . . .  B  ADDR  00D8H  NOT USED
CCF1 . . . . . . . . . . . . . . . .  B  ADDR  00D9H  NOT USED
CCF2 . . . . . . . . . . . . . . . .  B  ADDR  00DAH  NOT USED
CCF3 . . . . . . . . . . . . . . . .  B  ADDR  00DBH  NOT USED
CCF4 . . . . . . . . . . . . . . . .  B  ADDR  00DCH  NOT USED
CCON . . . . . . . . . . . . . . . .  D  ADDR  00D8H  NOT USED
CFINT. . . . . . . . . . . . . . . .  C  ADDR  0033H  NOT USED
CH . . . . . . . . . . . . . . . . .  D  ADDR  00F9H  NOT USED
CKCON. . . . . . . . . . . . . . . .  D  ADDR  008FH  NOT USED
CKCON0 . . . . . . . . . . . . . . .  D  ADDR  008FH  NOT USED
CKRL . . . . . . . . . . . . . . . .  D  ADDR  0097H  NOT USED
CKSEL. . . . . . . . . . . . . . . .  D  ADDR  0085H  NOT USED
CL . . . . . . . . . . . . . . . . .  D  ADDR  00E9H  NOT USED
CLKREG . . . . . . . . . . . . . . .  D  ADDR  008FH  NOT USED
CMOD . . . . . . . . . . . . . . . .  D  ADDR  00D9H  NOT USED
CPRL2. . . . . . . . . . . . . . . .  B  ADDR  00C8H  NOT USED
CR . . . . . . . . . . . . . . . . .  B  ADDR  00DEH  NOT USED
CT2. . . . . . . . . . . . . . . . .  B  ADDR  00C9H  NOT USED
CY . . . . . . . . . . . . . . . . .  B  ADDR  00D7H  NOT USED
DELPIXELFBUFFER. . . . . . . . . . .  C  ADDR  000CH
DP0H . . . . . . . . . . . . . . . .  D  ADDR  0083H  NOT USED
DP0L . . . . . . . . . . . . . . . .  D  ADDR  0082H  NOT USED
DP1H . . . . . . . . . . . . . . . .  D  ADDR  0085H  NOT USED
DP1L . . . . . . . . . . . . . . . .  D  ADDR  0084H  NOT USED
DPH. . . . . . . . . . . . . . . . .  D  ADDR  0083H  NOT USED
DPL. . . . . . . . . . . . . . . . .  D  ADDR  0082H  NOT USED
EA . . . . . . . . . . . . . . . . .  B  ADDR  00AFH  NOT USED
EC . . . . . . . . . . . . . . . . .  B  ADDR  00AEH  NOT USED
EECON. . . . . . . . . . . . . . . .  D  ADDR  0096H  NOT USED
ES . . . . . . . . . . . . . . . . .  B  ADDR  00ACH  NOT USED
ET0. . . . . . . . . . . . . . . . .  B  ADDR  00A9H  NOT USED
ET1. . . . . . . . . . . . . . . . .  B  ADDR  00ABH  NOT USED
ET2. . . . . . . . . . . . . . . . .  B  ADDR  00ADH  NOT USED
EX0. . . . . . . . . . . . . . . . .  B  ADDR  00A8H  NOT USED
EX1. . . . . . . . . . . . . . . . .  B  ADDR  00AAH  NOT USED
EXEN2. . . . . . . . . . . . . . . .  B  ADDR  00CBH  NOT USED
EXF2 . . . . . . . . . . . . . . . .  B  ADDR  00CEH  NOT USED
EXTI0. . . . . . . . . . . . . . . .  C  ADDR  0003H  NOT USED
EXTI1. . . . . . . . . . . . . . . .  C  ADDR  0013H  NOT USED
F0 . . . . . . . . . . . . . . . . .  B  ADDR  00D5H  NOT USED
FE . . . . . . . . . . . . . . . . .  B  ADDR  009FH  NOT USED
HEADIDX. . . . . . . . . . . . . . .  D  ADDR  0032H
IE . . . . . . . . . . . . . . . . .  D  ADDR  00A8H  NOT USED
IE0. . . . . . . . . . . . . . . . .  B  ADDR  0089H  NOT USED
IE1. . . . . . . . . . . . . . . . .  B  ADDR  008BH  NOT USED
INNIT. . . . . . . . . . . . . . . .  C  ADDR  007EH
INT0 . . . . . . . . . . . . . . . .  B  ADDR  00B2H  NOT USED
INT1 . . . . . . . . . . . . . . . .  B  ADDR  00B3H  NOT USED
IP . . . . . . . . . . . . . . . . .  D  ADDR  00B8H  NOT USED
IPH. . . . . . . . . . . . . . . . .  D  ADDR  00B7H  NOT USED
IPH0 . . . . . . . . . . . . . . . .  D  ADDR  00B7H  NOT USED
IPH1 . . . . . . . . . . . . . . . .  D  ADDR  00B3H  NOT USED
IPL0 . . . . . . . . . . . . . . . .  D  ADDR  00B8H  NOT USED
IPL1 . . . . . . . . . . . . . . . .  D  ADDR  00B2H  NOT USED
IT0. . . . . . . . . . . . . . . . .  B  ADDR  0088H  NOT USED
IT1. . . . . . . . . . . . . . . . .  B  ADDR  008AH  NOT USED
KBE. . . . . . . . . . . . . . . . .  D  ADDR  009DH  NOT USED
KBF. . . . . . . . . . . . . . . . .  D  ADDR  009EH  NOT USED
KBLS . . . . . . . . . . . . . . . .  D  ADDR  009CH  NOT USED
MAIN . . . . . . . . . . . . . . . .  C  ADDR  009EH
MOVEL. . . . . . . . . . . . . . . .  C  ADDR  0014H
OSCCON . . . . . . . . . . . . . . .  D  ADDR  0086H  NOT USED
OV . . . . . . . . . . . . . . . . .  B  ADDR  00D2H  NOT USED
P. . . . . . . . . . . . . . . . . .  B  ADDR  00D0H  NOT USED
P0 . . . . . . . . . . . . . . . . .  D  ADDR  0080H
P1 . . . . . . . . . . . . . . . . .  D  ADDR  0090H
P1M1 . . . . . . . . . . . . . . . .  D  ADDR  00D4H  NOT USED
P1M2 . . . . . . . . . . . . . . . .  D  ADDR  00E2H  NOT USED
P2 . . . . . . . . . . . . . . . . .  D  ADDR  00A0H  NOT USED
P3 . . . . . . . . . . . . . . . . .  D  ADDR  00B0H  NOT USED
P3M1 . . . . . . . . . . . . . . . .  D  ADDR  00D5H  NOT USED
P3M2 . . . . . . . . . . . . . . . .  D  ADDR  00E3H  NOT USED
P4 . . . . . . . . . . . . . . . . .  D  ADDR  00C0H  NOT USED
P4M1 . . . . . . . . . . . . . . . .  D  ADDR  00D6H  NOT USED
P4M2 . . . . . . . . . . . . . . . .  D  ADDR  00E4H  NOT USED
P5 . . . . . . . . . . . . . . . . .  D  ADDR  00E8H  NOT USED
PBX. . . . . . . . . . . . . . . . .  D  ADDR  0031H
PBY. . . . . . . . . . . . . . . . .  D  ADDR  0030H
PC . . . . . . . . . . . . . . . . .  B  ADDR  00BEH  NOT USED
PCON . . . . . . . . . . . . . . . .  D  ADDR  0087H  NOT USED
POWX . . . . . . . . . . . . . . . .  D  ADDR  0029H
POWY . . . . . . . . . . . . . . . .  D  ADDR  0028H
PPCL . . . . . . . . . . . . . . . .  B  ADDR  00BEH  NOT USED
PS . . . . . . . . . . . . . . . . .  B  ADDR  00BCH  NOT USED
PSL. . . . . . . . . . . . . . . . .  B  ADDR  00BCH  NOT USED
PSW. . . . . . . . . . . . . . . . .  D  ADDR  00D0H  NOT USED
PT0. . . . . . . . . . . . . . . . .  B  ADDR  00B9H  NOT USED
PT0L . . . . . . . . . . . . . . . .  B  ADDR  00B9H  NOT USED
PT1. . . . . . . . . . . . . . . . .  B  ADDR  00BBH  NOT USED
PT1L . . . . . . . . . . . . . . . .  B  ADDR  00BBH  NOT USED
PT2. . . . . . . . . . . . . . . . .  B  ADDR  00BDH  NOT USED
PT2L . . . . . . . . . . . . . . . .  B  ADDR  00BDH  NOT USED
PX0. . . . . . . . . . . . . . . . .  B  ADDR  00B8H  NOT USED
PX0L . . . . . . . . . . . . . . . .  B  ADDR  00B8H  NOT USED
PX1. . . . . . . . . . . . . . . . .  B  ADDR  00BAH  NOT USED
PX1L . . . . . . . . . . . . . . . .  B  ADDR  00BAH  NOT USED
RB8. . . . . . . . . . . . . . . . .  B  ADDR  009AH  NOT USED
RCAP2H . . . . . . . . . . . . . . .  D  ADDR  00CBH  NOT USED
RCAP2L . . . . . . . . . . . . . . .  D  ADDR  00CAH  NOT USED
RCLK . . . . . . . . . . . . . . . .  B  ADDR  00CDH  NOT USED
RD . . . . . . . . . . . . . . . . .  B  ADDR  00B7H  NOT USED
REN. . . . . . . . . . . . . . . . .  B  ADDR  009CH  NOT USED
RENDER . . . . . . . . . . . . . . .  C  ADDR  005DH
RENDERLOOP . . . . . . . . . . . . .  C  ADDR  0063H
RESET. . . . . . . . . . . . . . . .  C  ADDR  0000H  NOT USED
RI . . . . . . . . . . . . . . . . .  B  ADDR  0098H  NOT USED
RS0. . . . . . . . . . . . . . . . .  B  ADDR  00D3H  NOT USED
RS1. . . . . . . . . . . . . . . . .  B  ADDR  00D4H  NOT USED
RXD. . . . . . . . . . . . . . . . .  B  ADDR  00B0H  NOT USED
SADDR. . . . . . . . . . . . . . . .  D  ADDR  00A9H  NOT USED
SADDR_0. . . . . . . . . . . . . . .  D  ADDR  00A9H  NOT USED
SADDR_1. . . . . . . . . . . . . . .  D  ADDR  00AAH  NOT USED
SADEN. . . . . . . . . . . . . . . .  D  ADDR  00B9H  NOT USED
SADEN_0. . . . . . . . . . . . . . .  D  ADDR  00B9H  NOT USED
SADEN_1. . . . . . . . . . . . . . .  D  ADDR  00BAH  NOT USED
SBUF . . . . . . . . . . . . . . . .  D  ADDR  0099H  NOT USED
SCON . . . . . . . . . . . . . . . .  D  ADDR  0098H  NOT USED
SETPIXELFBUFFER. . . . . . . . . . .  C  ADDR  0002H
SINT . . . . . . . . . . . . . . . .  C  ADDR  0023H  NOT USED
SM0. . . . . . . . . . . . . . . . .  B  ADDR  009FH  NOT USED
SM1. . . . . . . . . . . . . . . . .  B  ADDR  009EH  NOT USED
SM2. . . . . . . . . . . . . . . . .  B  ADDR  009DH  NOT USED
SP . . . . . . . . . . . . . . . . .  D  ADDR  0081H  NOT USED
SPCON. . . . . . . . . . . . . . . .  D  ADDR  00C3H  NOT USED
SPCR . . . . . . . . . . . . . . . .  D  ADDR  00D5H  NOT USED
SPDAT. . . . . . . . . . . . . . . .  D  ADDR  00C5H  NOT USED
SPDR . . . . . . . . . . . . . . . .  D  ADDR  0086H  NOT USED
SPSR . . . . . . . . . . . . . . . .  D  ADDR  00AAH  NOT USED
SPSTA. . . . . . . . . . . . . . . .  D  ADDR  00C4H  NOT USED
STOP . . . . . . . . . . . . . . . .  C  ADDR  00A6H  NOT USED
T0 . . . . . . . . . . . . . . . . .  B  ADDR  00B4H  NOT USED
T1 . . . . . . . . . . . . . . . . .  B  ADDR  00B5H  NOT USED
T2CON. . . . . . . . . . . . . . . .  D  ADDR  00C8H  NOT USED
T2MOD. . . . . . . . . . . . . . . .  D  ADDR  00C9H  NOT USED
TAILIDX. . . . . . . . . . . . . . .  D  ADDR  0033H
TB8. . . . . . . . . . . . . . . . .  B  ADDR  009BH  NOT USED
TCLK . . . . . . . . . . . . . . . .  B  ADDR  00CCH  NOT USED
TCON . . . . . . . . . . . . . . . .  D  ADDR  0088H  NOT USED
TF0. . . . . . . . . . . . . . . . .  B  ADDR  008DH  NOT USED
TF1. . . . . . . . . . . . . . . . .  B  ADDR  008FH  NOT USED
TF2. . . . . . . . . . . . . . . . .  B  ADDR  00CFH  NOT USED
TH0. . . . . . . . . . . . . . . . .  D  ADDR  008CH  NOT USED
TH1. . . . . . . . . . . . . . . . .  D  ADDR  008DH  NOT USED
TH2. . . . . . . . . . . . . . . . .  D  ADDR  00CDH  NOT USED
TI . . . . . . . . . . . . . . . . .  B  ADDR  0099H  NOT USED
TIMER0 . . . . . . . . . . . . . . .  C  ADDR  000BH  NOT USED
TIMER1 . . . . . . . . . . . . . . .  C  ADDR  001BH  NOT USED
TIMER2 . . . . . . . . . . . . . . .  C  ADDR  002BH  NOT USED
TL0. . . . . . . . . . . . . . . . .  D  ADDR  008AH  NOT USED
TL1. . . . . . . . . . . . . . . . .  D  ADDR  008BH  NOT USED
TL2. . . . . . . . . . . . . . . . .  D  ADDR  00CCH  NOT USED
TMOD . . . . . . . . . . . . . . . .  D  ADDR  0089H  NOT USED
TR0. . . . . . . . . . . . . . . . .  B  ADDR  008CH  NOT USED
TR1. . . . . . . . . . . . . . . . .  B  ADDR  008EH  NOT USED
TR2. . . . . . . . . . . . . . . . .  B  ADDR  00CAH  NOT USED
TXD. . . . . . . . . . . . . . . . .  B  ADDR  00B1H  NOT USED
WDTCON . . . . . . . . . . . . . . .  D  ADDR  00A7H  NOT USED
WDTPRG . . . . . . . . . . . . . . .  D  ADDR  00A7H  NOT USED
WDTRST . . . . . . . . . . . . . . .  D  ADDR  00A6H  NOT USED
WR . . . . . . . . . . . . . . . . .  B  ADDR  00B6H  NOT USED
ZE0. . . . . . . . . . . . . . . . .  D  ADDR  0020H  NOT USED
ZE1. . . . . . . . . . . . . . . . .  D  ADDR  0021H  NOT USED
ZE2. . . . . . . . . . . . . . . . .  D  ADDR  0022H  NOT USED
ZE3. . . . . . . . . . . . . . . . .  D  ADDR  0023H
ZE4. . . . . . . . . . . . . . . . .  D  ADDR  0024H
ZE5. . . . . . . . . . . . . . . . .  D  ADDR  0025H  NOT USED
ZE6. . . . . . . . . . . . . . . . .  D  ADDR  0026H  NOT USED
ZE7. . . . . . . . . . . . . . . . .  D  ADDR  0027H  NOT USED